// Code generated by banking/registry; DO NOT EDIT.

package iban

const (
	al = "AL"
	de = "DE"
	gb = "GB"
)
