// Code generated by banking/registry; DO NOT EDIT.

package iban

import "fmt"

func Generate(countryCode string) (string, error) {
	if len(countryCode) != 2 {
		return "", fmt.Errorf("unexpected country code length: %w", ErrValidation)
	}
	switch countryCode {
	case al:
		return generateAlbaniaIBAN()
	case de:
		return generateGermanyIBAN()
	case gb:
		return generateUnitedKingdomIBAN()
	default:
		return "", fmt.Errorf("%s is not supported: %w", countryCode, ErrValidation)
	}
}
