// Code generated by banking/registry; DO NOT EDIT.

package iban

import "fmt"
// GetBBAN retrieves BBAN from an iban
func GetBBAN(iban string) (BBAN, error) {
	if len(iban) < 2 {
		return BBAN{}, fmt.Errorf("unexpected iban length: %w", ErrValidation)
	}
	code := iban[0:2]
	switch code {
	case "AL":
		return getAlbaniaBBAN(iban)
	case "DE":
		return getGermanyBBAN(iban)
	case "GB":
		return getUnitedKingdomBBAN(iban)
	default:
		return BBAN{}, fmt.Errorf("%s is not supported: %w", code, ErrValidation)
	}
}
