// Code generated by banking/registry; DO NOT EDIT.

package iban

import "fmt"
// Validate an IBAN
func Validate(iban string) error {
	if len(iban) < 2 {
		return fmt.Errorf("unexpected iban length: %w", ErrValidation)
	}
	code := iban[0:2]
	switch code {
	case "AL":
		return validateAlbaniaIBAN(iban)
	case "DE":
		return validateGermanyIBAN(iban)
	case "GB":
		return validateUnitedKingdomIBAN(iban)
	default:
		return fmt.Errorf("%s is not supported: %w", code, ErrValidation)
	}
}
