// Code generated by banking/registry; DO NOT EDIT.

package iban

import "fmt"
// IsSEPACountryCode returns if a country code is a SEPA member
func IsSEPACountryCode(countryCode string) (bool, error) {
	if len(countryCode) != 2 {
		return false, fmt.Errorf("unexpected country code length: %w", ErrValidation)
	}
	switch countryCode {
	case "AL":
		return false, nil
	case "DE":
		return true, nil
	case "GB":
		return false, nil
	default:
		return false, fmt.Errorf("%s is not supported: %w", countryCode, ErrValidation)
	}
}
func IsSEPA(iban string) (bool, error) {
	if len(iban) < 2 {
		return false, fmt.Errorf("unexpected iban length: %w", ErrValidation)
	}
	return IsSEPACountryCode(iban[0:2])
}
