// Code generated by banking/registry; DO NOT EDIT.

package iban
// Validate an IBAN
func Validate(iban string) error {
	if len(iban) < 2 {
		return &ErrValidationLength{Expected: 2, Actual: len(iban)}
	}
	code := iban[0:2]
	switch code {
	case "AL":
		return validateAlbaniaIBAN(iban)
	case "DE":
		return validateGermanyIBAN(iban)
	case "GB":
		return validateUnitedKingdomIBAN(iban)
	default:
		return &ErrUnsupportedCountry{CountryCode: code}
	}
}
